------------------------------------------------------------
Timing Analyzer Summary
------------------------------------------------------------

Type  : Slow 1100mV 100C Model Setup 'i_clk'
Slack : -2.789
TNS   : -76.393

Type  : Slow 1100mV 100C Model Hold 'i_clk'
Slack : 0.251
TNS   : 0.000

Type  : Slow 1100mV 100C Model Minimum Pulse Width 'i_clk'
Slack : -0.538
TNS   : -29.852

Type  : Slow 1100mV -40C Model Setup 'i_clk'
Slack : -2.977
TNS   : -74.333

Type  : Slow 1100mV -40C Model Hold 'i_clk'
Slack : 0.235
TNS   : 0.000

Type  : Slow 1100mV -40C Model Minimum Pulse Width 'i_clk'
Slack : -0.538
TNS   : -31.806

Type  : Fast 1100mV 100C Model Setup 'i_clk'
Slack : -0.941
TNS   : -21.616

Type  : Fast 1100mV 100C Model Hold 'i_clk'
Slack : 0.142
TNS   : 0.000

Type  : Fast 1100mV 100C Model Minimum Pulse Width 'i_clk'
Slack : -0.094
TNS   : -3.443

Type  : Fast 1100mV -40C Model Setup 'i_clk'
Slack : -0.696
TNS   : -15.777

Type  : Fast 1100mV -40C Model Hold 'i_clk'
Slack : 0.127
TNS   : 0.000

Type  : Fast 1100mV -40C Model Minimum Pulse Width 'i_clk'
Slack : -0.091
TNS   : -3.361

------------------------------------------------------------
